2026/08/31 23:08:42 数据库初始化成功 (GORM): ./data/wedding.db
2026/08/31 23:08:42 ========================================
2026/08/31 23:08:42 管理员账号: admin
2026/08/31 23:08:42 管理员密码: lucky123 (请尽快修改)
2026/08/31 23:08:42 管理后台: http://localhost:8080/admin
2026/08/31 23:08:42 ========================================
2026/08/31 23:08:42 静态资源目录: ./web/static -> /static
2026/08/31 23:08:42 模板目录(本地): ./web/templates
2026/08/31 23:08:42 服务器启动: http://localhost:8080
2026/08/31 23:08:42 请柬页面: http://localhost:8080/
2026/08/31 23:08:42 管理后台: http://localhost:8080/admin
2026/08/31 23:08:57 管理员登录成功: admin (ID: 1)
2026/08/31 23:11:33 正在关闭服务器...
2026/08/31 23:11:33 服务器已关闭
2026/08/31 23:11:36 数据库初始化成功 (GORM): ./data/wedding.db
2026/08/31 23:11:36 静态资源目录: ./web/static -> /static
2026/08/31 23:11:36 模板目录(本地): ./web/templates
2026/08/31 23:11:36 服务器启动: http://localhost:8080
2026/08/31 23:11:36 请柬页面: http://localhost:8080/
2026/08/31 23:11:36 管理后台: http://localhost:8080/admin
2026/08/31 23:13:33 正在关闭服务器...
2026/08/31 23:13:33 服务器已关闭
2026/08/31 23:13:34 数据库初始化成功 (GORM): ./data/wedding.db
2026/08/31 23:13:34 静态资源目录: ./web/static -> /static
2026/08/31 23:13:34 模板目录(本地): ./web/templates
2026/08/31 23:13:34 服务器启动: http://localhost:8080
2026/08/31 23:13:34 请柬页面: http://localhost:8080/
2026/08/31 23:13:34 管理后台: http://localhost:8080/admin
2026/08/31 23:13:52 正在关闭服务器...
2026/08/31 23:13:52 服务器已关闭
2026/08/31 23:13:55 数据库初始化成功 (GORM): ./data/wedding.db
2026/08/31 23:13:55 静态资源目录: ./web/static -> /static
2026/08/31 23:13:55 模板目录(本地): ./web/templates
2026/08/31 23:13:55 服务器启动: http://localhost:8080
2026/08/31 23:13:55 请柬页面: http://localhost:8080/
2026/08/31 23:13:55 管理后台: http://localhost:8080/admin
2026/08/31 23:14:44 正在关闭服务器...
2026/08/31 23:14:44 服务器已关闭
2026/08/31 23:14:45 数据库初始化成功 (GORM): ./data/wedding.db
2026/08/31 23:14:45 静态资源目录: ./web/static -> /static
2026/08/31 23:14:45 模板目录(本地): ./web/templates
2026/08/31 23:14:45 服务器启动: http://localhost:8080
2026/08/31 23:14:45 请柬页面: http://localhost:8080/
2026/08/31 23:14:45 管理后台: http://localhost:8080/admin
2026/08/31 23:18:19 正在关闭服务器...
2026/08/31 23:18:19 服务器已关闭
2026/08/31 23:18:29 数据库初始化成功 (GORM): ./data/wedding.db
2026/08/31 23:18:30 静态资源目录: ./web/static -> /static
2026/08/31 23:18:30 模板目录(本地): ./web/templates
2026/08/31 23:18:30 服务器启动: http://localhost:8080
2026/08/31 23:18:30 请柬页面: http://localhost:8080/
2026/08/31 23:18:30 管理后台: http://localhost:8080/admin
2026/08/31 23:19:03 正在关闭服务器...
2026/08/31 23:19:03 服务器已关闭
2026/08/31 23:19:04 数据库初始化成功 (GORM): ./data/wedding.db
2026/08/31 23:19:04 静态资源目录: ./web/static -> /static
2026/08/31 23:19:04 模板目录(本地): ./web/templates
2026/08/31 23:19:04 服务器启动: http://localhost:8080
2026/08/31 23:19:04 请柬页面: http://localhost:8080/
2026/08/31 23:19:04 管理后台: http://localhost:8080/admin
2026/08/31 23:22:04 正在关闭服务器...
2026/08/31 23:22:04 服务器已关闭
2026/08/31 23:22:18 数据库初始化成功 (GORM): ./data/wedding.db
2026/08/31 23:22:18 静态资源目录: ./web/static -> /static
2026/08/31 23:22:18 模板目录(本地): ./web/templates
2026/08/31 23:22:18 服务器启动: http://localhost:8080
2026/08/31 23:22:18 请柬页面: http://localhost:8080/
2026/08/31 23:22:18 管理后台: http://localhost:8080/admin
2026/08/31 23:36:08 正在关闭服务器...
2026/08/31 23:36:08 服务器已关闭
